# d1 ["p1","p2"] {"p1":["attack","strike","spell","flee","item:herb","item:tonic"],"p2":["guard","counter","ward"]}
# d2 ["p1","p2"] {"p1":["attack","strike","spell","flee","item:herb","item:tonic"],"p2":["guard","counter","ward"]}
# d3 ["p2","p1"] {"p2":["attack","strike","spell","flee","item:herb","item:bomb"],"p1":["guard","counter","ward"]}
# d4 ["p1","p2"] {"p1":["attack","strike","spell","flee","item:herb"],"p2":["guard","counter","ward"]}
# d5 ["p2","p1"] {"p2":["attack","strike","spell","flee","item:herb","item:bomb"],"p1":["guard","counter","ward"]}
# d6 ["p2"] {"p2":["guard","counter","ward"]}
# d7 ["p2"] {"p2":["attack","strike","spell","flee"]}
# d8 ["p2"] {"p2":["guard","counter","ward"]}
# d9 ["p2"] {"p2":["attack","strike","spell","flee"]}
# d10 ["p2"] {"p2":["attack","strike","spell","flee"]}
CharacterSet  {"playerId":"p1","classId":"battlemage","level":1,"hp":44}
BagUpdated [private p1] {"playerId":"p1","bag":["herb","tonic"]}
CombatStarted  {"combatId":"c1","sides":[{"kind":"player","playerId":"p1","mods":{"atk":0,"def":0,"mag":0,"spd":0,"poison":false,"stun":false}},{"kind":"player","playerId":"p2","mods":{"atk":0,"def":0,"mag":0,"spd":0,"poison":false,"stun":false}}]}
RoundStarted  {"combatId":"c1","round":1,"first":0}
DecisionOpened  {"decisionId":"d1","kind":"combat/exchange","required":["p1","p2"]}
PromptOpened [private p1] {"decisionId":"d1","playerId":"p1","options":["attack","strike","spell","flee","item:herb","item:tonic"],"default":"attack"}
PromptOpened [private p2] {"decisionId":"d1","playerId":"p2","options":["guard","counter","ward"],"default":"guard"}
ChoiceCommitted  {"decisionId":"d1","playerId":"p1"}
ChoiceCommitted  {"decisionId":"d1","playerId":"p2"}
ChoicesRevealed  {"decisionId":"d1","kind":"combat/exchange","choices":{"p1":"spell","p2":"counter"},"timedOut":[]}
ExchangeResolved  {"combatId":"c1","round":1,"exchange":1,"attacker":0,"command":"spell","defense":"counter","crit":false,"damage":[0,8],"heal":[0,0],"effects":["stun"],"hp":[44,28]}
ExchangeSkipped  {"combatId":"c1","round":1,"exchange":2,"attacker":1,"reason":"stunned"}
RoundEnded  {"combatId":"c1","round":1,"poison":[0,0],"regen":[0,0],"hp":[44,28]}
RoundStarted  {"combatId":"c1","round":2,"first":0}
DecisionOpened  {"decisionId":"d2","kind":"combat/exchange","required":["p1","p2"]}
PromptOpened [private p1] {"decisionId":"d2","playerId":"p1","options":["attack","strike","spell","flee","item:herb","item:tonic"],"default":"attack"}
PromptOpened [private p2] {"decisionId":"d2","playerId":"p2","options":["guard","counter","ward"],"default":"guard"}
ChoiceCommitted  {"decisionId":"d2","playerId":"p1"}
ChoiceTimedOut  {"decisionId":"d2","playerId":"p2"}
ChoicesRevealed  {"decisionId":"d2","kind":"combat/exchange","choices":{"p1":"item:tonic","p2":"guard"},"timedOut":["p2"]}
ExchangeResolved  {"combatId":"c1","round":2,"exchange":1,"attacker":0,"command":"item:tonic","defense":null,"crit":false,"damage":[0,0],"heal":[0,0],"effects":["item:tonic"],"hp":[44,28]}
BagUpdated [private p1] {"playerId":"p1","bag":["herb"]}
DecisionOpened  {"decisionId":"d3","kind":"combat/exchange","required":["p2","p1"]}
PromptOpened [private p2] {"decisionId":"d3","playerId":"p2","options":["attack","strike","spell","flee","item:herb","item:bomb"],"default":"attack"}
PromptOpened [private p1] {"decisionId":"d3","playerId":"p1","options":["guard","counter","ward"],"default":"guard"}
ChoiceCommitted  {"decisionId":"d3","playerId":"p2"}
ChoiceCommitted  {"decisionId":"d3","playerId":"p1"}
ChoicesRevealed  {"decisionId":"d3","kind":"combat/exchange","choices":{"p2":"spell","p1":"ward"},"timedOut":[]}
ExchangeResolved  {"combatId":"c1","round":2,"exchange":2,"attacker":1,"command":"spell","defense":"ward","crit":false,"damage":[2,4],"heal":[0,0],"effects":["reflected"],"hp":[42,24]}
RoundEnded  {"combatId":"c1","round":2,"poison":[0,0],"regen":[0,0],"hp":[42,24]}
RoundStarted  {"combatId":"c1","round":3,"first":0}
DecisionOpened  {"decisionId":"d4","kind":"combat/exchange","required":["p1","p2"]}
PromptOpened [private p1] {"decisionId":"d4","playerId":"p1","options":["attack","strike","spell","flee","item:herb"],"default":"attack"}
PromptOpened [private p2] {"decisionId":"d4","playerId":"p2","options":["guard","counter","ward"],"default":"guard"}
ChoiceCommitted  {"decisionId":"d4","playerId":"p1"}
ChoiceCommitted  {"decisionId":"d4","playerId":"p2"}
ChoicesRevealed  {"decisionId":"d4","kind":"combat/exchange","choices":{"p1":"strike","p2":"counter"},"timedOut":[]}
ExchangeResolved  {"combatId":"c1","round":3,"exchange":1,"attacker":0,"command":"strike","defense":"counter","crit":false,"damage":[20,0],"heal":[0,0],"effects":["reflected"],"hp":[22,24]}
DecisionOpened  {"decisionId":"d5","kind":"combat/exchange","required":["p2","p1"]}
PromptOpened [private p2] {"decisionId":"d5","playerId":"p2","options":["attack","strike","spell","flee","item:herb","item:bomb"],"default":"attack"}
PromptOpened [private p1] {"decisionId":"d5","playerId":"p1","options":["guard","counter","ward"],"default":"guard"}
ChoiceCommitted  {"decisionId":"d5","playerId":"p2"}
ChoiceCommitted  {"decisionId":"d5","playerId":"p1"}
ChoicesRevealed  {"decisionId":"d5","kind":"combat/exchange","choices":{"p2":"item:bomb","p1":"guard"},"timedOut":[]}
ExchangeResolved  {"combatId":"c1","round":3,"exchange":2,"attacker":1,"command":"item:bomb","defense":null,"crit":false,"damage":[0,0],"heal":[0,0],"effects":["item:bomb","fled"],"hp":[22,24]}
BagUpdated [private p2] {"playerId":"p2","bag":["herb"]}
CombatEnded  {"combatId":"c1","outcome":"fled","winner":null,"fled":1,"hp":[22,24]}
CombatStarted  {"combatId":"c2","sides":[{"kind":"player","playerId":"p2","mods":{"atk":0,"def":0,"mag":0,"spd":0,"poison":false,"stun":false}},{"kind":"npc","npc":{"kind":"monster","id":"gull","senior":false},"stats":{"hp":36,"atk":12,"def":7,"mag":8,"spd":10,"luck":4},"hp":36,"mods":{"atk":0,"def":0,"mag":0,"spd":0,"poison":false,"stun":false}}]}
RoundStarted  {"combatId":"c2","round":1,"first":1}
DecisionOpened  {"decisionId":"d6","kind":"combat/exchange","required":["p2"]}
PromptOpened [private p2] {"decisionId":"d6","playerId":"p2","options":["guard","counter","ward"],"default":"guard"}
ChoiceCommitted  {"decisionId":"d6","playerId":"p2"}
ChoicesRevealed  {"decisionId":"d6","kind":"combat/exchange","choices":{"p2":"guard"},"timedOut":[]}
ExchangeResolved  {"combatId":"c2","round":1,"exchange":1,"attacker":1,"command":"strike","defense":"guard","crit":false,"damage":[13,0],"heal":[0,0],"effects":["steal-gold:10","steal-item:herb"],"hp":[11,36]}
BagUpdated [private p2] {"playerId":"p2","bag":[]}
DecisionOpened  {"decisionId":"d7","kind":"combat/exchange","required":["p2"]}
PromptOpened [private p2] {"decisionId":"d7","playerId":"p2","options":["attack","strike","spell","flee"],"default":"attack"}
ChoiceCommitted  {"decisionId":"d7","playerId":"p2"}
ChoicesRevealed  {"decisionId":"d7","kind":"combat/exchange","choices":{"p2":"attack"},"timedOut":[]}
ExchangeResolved  {"combatId":"c2","round":1,"exchange":2,"attacker":0,"command":"attack","defense":"guard","crit":false,"damage":[0,6],"heal":[0,0],"effects":[],"hp":[11,30]}
RoundEnded  {"combatId":"c2","round":1,"poison":[0,0],"regen":[0,0],"hp":[11,30]}
RoundStarted  {"combatId":"c2","round":2,"first":1}
DecisionOpened  {"decisionId":"d8","kind":"combat/exchange","required":["p2"]}
PromptOpened [private p2] {"decisionId":"d8","playerId":"p2","options":["guard","counter","ward"],"default":"guard"}
ChoiceCommitted  {"decisionId":"d8","playerId":"p2"}
ChoicesRevealed  {"decisionId":"d8","kind":"combat/exchange","choices":{"p2":"counter"},"timedOut":[]}
ExchangeResolved  {"combatId":"c2","round":2,"exchange":1,"attacker":1,"command":"flee","defense":null,"crit":false,"damage":[0,0],"heal":[0,0],"effects":["flee-failed"],"hp":[11,30]}
DecisionOpened  {"decisionId":"d9","kind":"combat/exchange","required":["p2"]}
PromptOpened [private p2] {"decisionId":"d9","playerId":"p2","options":["attack","strike","spell","flee"],"default":"attack"}
ChoiceCommitted  {"decisionId":"d9","playerId":"p2"}
ChoicesRevealed  {"decisionId":"d9","kind":"combat/exchange","choices":{"p2":"spell"},"timedOut":[]}
ExchangeResolved  {"combatId":"c2","round":2,"exchange":2,"attacker":0,"command":"spell","defense":"ward","crit":false,"damage":[0,4],"heal":[0,0],"effects":[],"hp":[11,26]}
RoundEnded  {"combatId":"c2","round":2,"poison":[0,0],"regen":[0,0],"hp":[11,26]}
RoundStarted  {"combatId":"c2","round":3,"first":0}
DecisionOpened  {"decisionId":"d10","kind":"combat/exchange","required":["p2"]}
PromptOpened [private p2] {"decisionId":"d10","playerId":"p2","options":["attack","strike","spell","flee"],"default":"attack"}
ChoiceCommitted  {"decisionId":"d10","playerId":"p2"}
ChoicesRevealed  {"decisionId":"d10","kind":"combat/exchange","choices":{"p2":"strike"},"timedOut":[]}
ExchangeResolved  {"combatId":"c2","round":3,"exchange":1,"attacker":0,"command":"strike","defense":"counter","crit":false,"damage":[11,0],"heal":[0,0],"effects":["reflected"],"hp":[0,26]}
CombatEnded  {"combatId":"c2","outcome":"ko","winner":1,"fled":null,"hp":[0,26]}
FINAL ec0c3508 events 80 actions 18
ACTIONS [{"v":2,"type":"system/setCharacter","playerId":"system","target":"p1","classId":"battlemage","level":1,"weapon":"stick","shield":"mirror","accessory":"band","battleSpell":"jolt","wardSpell":"mirror-ward","bag":["herb","tonic"]},{"v":2,"type":"combat/start","playerId":"system","attacker":"p1","opponent":{"kind":"player","playerId":"p2"}},{"v":2,"type":"decision/commit","playerId":"p1","decisionId":"d1","choice":"spell"},{"v":2,"type":"decision/commit","playerId":"p2","decisionId":"d1","choice":"counter"},{"v":2,"type":"decision/commit","playerId":"p1","decisionId":"d2","choice":"item:tonic"},{"v":2,"type":"timeout","playerId":"system","decisionId":"d2"},{"v":2,"type":"decision/commit","playerId":"p2","decisionId":"d3","choice":"spell"},{"v":2,"type":"decision/commit","playerId":"p1","decisionId":"d3","choice":"ward"},{"v":2,"type":"decision/commit","playerId":"p1","decisionId":"d4","choice":"strike"},{"v":2,"type":"decision/commit","playerId":"p2","decisionId":"d4","choice":"counter"},{"v":2,"type":"decision/commit","playerId":"p2","decisionId":"d5","choice":"item:bomb"},{"v":2,"type":"decision/commit","playerId":"p1","decisionId":"d5","choice":"guard"},{"v":2,"type":"combat/start","playerId":"system","attacker":"p2","opponent":{"kind":"monster","monsterId":"gull","senior":false}},{"v":2,"type":"decision/commit","playerId":"p2","decisionId":"d6","choice":"guard"},{"v":2,"type":"decision/commit","playerId":"p2","decisionId":"d7","choice":"attack"},{"v":2,"type":"decision/commit","playerId":"p2","decisionId":"d8","choice":"counter"},{"v":2,"type":"decision/commit","playerId":"p2","decisionId":"d9","choice":"spell"},{"v":2,"type":"decision/commit","playerId":"p2","decisionId":"d10","choice":"strike"}]
STATE {"hidden":{"combatSeq":2,"decision":null,"decisionSeq":10,"rng":[3200512360,239253250,3363130012,583700052]},"private":{"p1":{"bag":["herb"],"prompt":null,"scrolls":[]},"p2":{"bag":[],"prompt":null,"scrolls":[]}},"public":{"activePlayer":"p1","characters":{"p1":{"accessory":"band","battleSpell":"jolt","classId":"battlemage","gold":100,"hp":22,"level":1,"mastery":{"battlemage":0,"caster":0,"fighter":0},"portable":null,"shield":"mirror","wardSpell":"mirror-ward","weapon":"stick","xp":0},"p2":{"accessory":"charm","battleSpell":"zap","classId":"caster","gold":90,"hp":0,"level":1,"mastery":{"battlemage":0,"caster":0,"fighter":0},"portable":null,"shield":"lid","wardSpell":"shell","weapon":"stick","xp":0}},"choiceHistory":{"p1":{"attack":0,"counter":0,"guard":1,"spell":1,"strike":1,"ward":1},"p2":{"attack":1,"counter":3,"guard":1,"spell":2,"strike":1,"ward":0}},"combat":null,"lastReveal":{"choices":{"p2":"strike"},"decisionId":"d10","kind":"combat/exchange","timedOut":[]},"pending":null,"phase":"turn","players":["p1","p2"],"turn":1},"v":2}
