# d1 ["a"] {"a":["guard","counter","ward"]}
# d2 ["a"] {"a":["attack","strike","spell","flee","item:herb","item:smoke-bomb"]}
# d3 ["b","a"] {"b":["attack","strike","spell","flee","item:herb"],"a":["guard","counter","ward"]}
# d4 ["a","b"] {"a":["attack","strike","spell","flee","item:herb"],"b":["guard","counter","ward"]}
# d5 ["b","a"] {"b":["attack","strike","spell","flee","item:herb"],"a":["guard","counter","ward"]}
# d6 ["a","b"] {"a":["attack","strike","spell","flee","item:herb"],"b":["guard","counter","ward"]}
# d7 ["b","a"] {"b":["attack","strike","spell","flee","item:herb"],"a":["guard","counter","ward"]}
# d8 ["a","b"] {"a":["attack","strike","spell","flee"],"b":["guard","counter","ward"]}
# d9 ["b"] {"b":["attack","strike","spell","flee","item:herb"]}
# d10 ["b"] {"b":["guard","counter","ward"]}
# d11 ["b"] {"b":["attack","strike","spell","flee","item:herb"]}
# d12 ["b"] {"b":["guard","counter","ward"]}
# d13 ["b"] {"b":["attack","strike","spell","flee","item:herb"]}
# d14 ["b"] {"b":["guard","counter","ward"]}
CharacterSet  {"playerId":"a","classId":"warrior","level":5,"hp":82}
BagUpdated [private a] {"playerId":"a","bag":["herb","smoke-bomb","battle-tonic"]}
CharacterSet  {"playerId":"b","classId":"mage","level":5,"hp":61}
BagUpdated [private b] {"playerId":"b","bag":["herb"]}
CombatStarted  {"combatId":"c1","sides":[{"kind":"player","playerId":"a","mods":{"atk":0,"def":0,"mag":0,"spd":0,"poison":false,"stun":false}},{"kind":"npc","npc":{"kind":"monster","id":"seagull-debt-collector","senior":false},"stats":{"hp":85,"atk":30,"def":14,"mag":19,"spd":16,"luck":7},"hp":85,"mods":{"atk":0,"def":0,"mag":0,"spd":0,"poison":false,"stun":false}}]}
RoundStarted  {"combatId":"c1","round":1,"first":1}
DecisionOpened  {"decisionId":"d1","kind":"combat/exchange","required":["a"]}
PromptOpened [private a] {"decisionId":"d1","playerId":"a","options":["guard","counter","ward"],"default":"guard"}
ChoiceCommitted  {"decisionId":"d1","playerId":"a"}
ChoicesRevealed  {"decisionId":"d1","kind":"combat/exchange","choices":{"a":"guard"},"timedOut":[]}
ExchangeResolved  {"combatId":"c1","round":1,"exchange":1,"attacker":1,"command":"attack","defense":"guard","crit":false,"damage":[12,0],"heal":[0,0],"effects":["steal-item:battle-tonic"],"hp":[70,85]}
BagUpdated [private a] {"playerId":"a","bag":["herb","smoke-bomb"]}
DecisionOpened  {"decisionId":"d2","kind":"combat/exchange","required":["a"]}
PromptOpened [private a] {"decisionId":"d2","playerId":"a","options":["attack","strike","spell","flee","item:herb","item:smoke-bomb"],"default":"attack"}
ChoiceCommitted  {"decisionId":"d2","playerId":"a"}
ChoicesRevealed  {"decisionId":"d2","kind":"combat/exchange","choices":{"a":"item:smoke-bomb"},"timedOut":[]}
ExchangeResolved  {"combatId":"c1","round":1,"exchange":2,"attacker":0,"command":"item:smoke-bomb","defense":null,"crit":false,"damage":[0,0],"heal":[0,0],"effects":["item:smoke-bomb","fled"],"hp":[70,85]}
BagUpdated [private a] {"playerId":"a","bag":["herb"]}
CombatEnded  {"combatId":"c1","outcome":"fled","winner":null,"fled":0,"hp":[70,85]}
CombatStarted  {"combatId":"c2","sides":[{"kind":"player","playerId":"b","mods":{"atk":0,"def":0,"mag":0,"spd":0,"poison":false,"stun":false}},{"kind":"player","playerId":"a","mods":{"atk":0,"def":0,"mag":0,"spd":0,"poison":false,"stun":false}}]}
RoundStarted  {"combatId":"c2","round":1,"first":0}
DecisionOpened  {"decisionId":"d3","kind":"combat/exchange","required":["b","a"]}
PromptOpened [private b] {"decisionId":"d3","playerId":"b","options":["attack","strike","spell","flee","item:herb"],"default":"attack"}
PromptOpened [private a] {"decisionId":"d3","playerId":"a","options":["guard","counter","ward"],"default":"guard"}
ChoiceCommitted  {"decisionId":"d3","playerId":"b"}
ChoiceCommitted  {"decisionId":"d3","playerId":"a"}
ChoicesRevealed  {"decisionId":"d3","kind":"combat/exchange","choices":{"b":"spell","a":"ward"},"timedOut":[]}
ExchangeResolved  {"combatId":"c2","round":1,"exchange":1,"attacker":0,"command":"spell","defense":"ward","crit":false,"damage":[0,12],"heal":[0,0],"effects":[],"hp":[61,58]}
DecisionOpened  {"decisionId":"d4","kind":"combat/exchange","required":["a","b"]}
PromptOpened [private a] {"decisionId":"d4","playerId":"a","options":["attack","strike","spell","flee","item:herb"],"default":"attack"}
PromptOpened [private b] {"decisionId":"d4","playerId":"b","options":["guard","counter","ward"],"default":"guard"}
ChoiceCommitted  {"decisionId":"d4","playerId":"a"}
ChoiceCommitted  {"decisionId":"d4","playerId":"b"}
ChoicesRevealed  {"decisionId":"d4","kind":"combat/exchange","choices":{"a":"strike","b":"counter"},"timedOut":[]}
ExchangeResolved  {"combatId":"c2","round":1,"exchange":2,"attacker":1,"command":"strike","defense":"counter","crit":false,"damage":[0,32],"heal":[0,0],"effects":["reflected"],"hp":[61,26]}
RoundEnded  {"combatId":"c2","round":1,"poison":[0,0],"regen":[0,0],"hp":[61,26]}
RoundStarted  {"combatId":"c2","round":2,"first":0}
DecisionOpened  {"decisionId":"d5","kind":"combat/exchange","required":["b","a"]}
PromptOpened [private b] {"decisionId":"d5","playerId":"b","options":["attack","strike","spell","flee","item:herb"],"default":"attack"}
PromptOpened [private a] {"decisionId":"d5","playerId":"a","options":["guard","counter","ward"],"default":"guard"}
ChoiceCommitted  {"decisionId":"d5","playerId":"b"}
ChoiceCommitted  {"decisionId":"d5","playerId":"a"}
ChoicesRevealed  {"decisionId":"d5","kind":"combat/exchange","choices":{"b":"attack","a":"guard"},"timedOut":[]}
ExchangeResolved  {"combatId":"c2","round":2,"exchange":1,"attacker":0,"command":"attack","defense":"guard","crit":false,"damage":[0,6],"heal":[0,0],"effects":[],"hp":[61,20]}
DecisionOpened  {"decisionId":"d6","kind":"combat/exchange","required":["a","b"]}
PromptOpened [private a] {"decisionId":"d6","playerId":"a","options":["attack","strike","spell","flee","item:herb"],"default":"attack"}
PromptOpened [private b] {"decisionId":"d6","playerId":"b","options":["guard","counter","ward"],"default":"guard"}
ChoiceCommitted  {"decisionId":"d6","playerId":"a"}
ChoiceCommitted  {"decisionId":"d6","playerId":"b"}
ChoicesRevealed  {"decisionId":"d6","kind":"combat/exchange","choices":{"a":"item:herb","b":"guard"},"timedOut":[]}
ExchangeResolved  {"combatId":"c2","round":2,"exchange":2,"attacker":1,"command":"item:herb","defense":null,"crit":false,"damage":[0,0],"heal":[0,24],"effects":["item:herb"],"hp":[61,44]}
BagUpdated [private a] {"playerId":"a","bag":[]}
RoundEnded  {"combatId":"c2","round":2,"poison":[0,0],"regen":[0,0],"hp":[61,44]}
RoundStarted  {"combatId":"c2","round":3,"first":0}
DecisionOpened  {"decisionId":"d7","kind":"combat/exchange","required":["b","a"]}
PromptOpened [private b] {"decisionId":"d7","playerId":"b","options":["attack","strike","spell","flee","item:herb"],"default":"attack"}
PromptOpened [private a] {"decisionId":"d7","playerId":"a","options":["guard","counter","ward"],"default":"guard"}
ChoiceCommitted  {"decisionId":"d7","playerId":"b"}
ChoiceCommitted  {"decisionId":"d7","playerId":"a"}
ChoicesRevealed  {"decisionId":"d7","kind":"combat/exchange","choices":{"b":"spell","a":"counter"},"timedOut":[]}
ExchangeResolved  {"combatId":"c2","round":3,"exchange":1,"attacker":0,"command":"spell","defense":"counter","crit":false,"damage":[0,30],"heal":[0,0],"effects":[],"hp":[61,14]}
DecisionOpened  {"decisionId":"d8","kind":"combat/exchange","required":["a","b"]}
PromptOpened [private a] {"decisionId":"d8","playerId":"a","options":["attack","strike","spell","flee"],"default":"attack"}
PromptOpened [private b] {"decisionId":"d8","playerId":"b","options":["guard","counter","ward"],"default":"guard"}
ChoiceCommitted  {"decisionId":"d8","playerId":"a"}
ChoiceTimedOut  {"decisionId":"d8","playerId":"b"}
ChoicesRevealed  {"decisionId":"d8","kind":"combat/exchange","choices":{"a":"attack","b":"guard"},"timedOut":["b"]}
ExchangeResolved  {"combatId":"c2","round":3,"exchange":2,"attacker":1,"command":"attack","defense":"guard","crit":false,"damage":[16,0],"heal":[0,0],"effects":[],"hp":[45,14]}
RoundEnded  {"combatId":"c2","round":3,"poison":[0,0],"regen":[0,0],"hp":[45,14]}
CombatEnded  {"combatId":"c2","outcome":"draw","winner":null,"fled":null,"hp":[45,14]}
CombatStarted  {"combatId":"c3","sides":[{"kind":"player","playerId":"b","mods":{"atk":0,"def":0,"mag":0,"spd":0,"poison":false,"stun":false}},{"kind":"npc","npc":{"kind":"guardian","id":"landlord-lich","townTier":1},"stats":{"hp":104,"atk":24,"def":15,"mag":27,"spd":13,"luck":6},"hp":104,"mods":{"atk":0,"def":0,"mag":0,"spd":0,"poison":false,"stun":false}}]}
RoundStarted  {"combatId":"c3","round":1,"first":0}
DecisionOpened  {"decisionId":"d9","kind":"combat/exchange","required":["b"]}
PromptOpened [private b] {"decisionId":"d9","playerId":"b","options":["attack","strike","spell","flee","item:herb"],"default":"attack"}
ChoiceCommitted  {"decisionId":"d9","playerId":"b"}
ChoicesRevealed  {"decisionId":"d9","kind":"combat/exchange","choices":{"b":"spell"},"timedOut":[]}
ExchangeResolved  {"combatId":"c3","round":1,"exchange":1,"attacker":0,"command":"spell","defense":"guard","crit":false,"damage":[0,27],"heal":[0,0],"effects":[],"hp":[45,77]}
DecisionOpened  {"decisionId":"d10","kind":"combat/exchange","required":["b"]}
PromptOpened [private b] {"decisionId":"d10","playerId":"b","options":["guard","counter","ward"],"default":"guard"}
ChoiceCommitted  {"decisionId":"d10","playerId":"b"}
ChoicesRevealed  {"decisionId":"d10","kind":"combat/exchange","choices":{"b":"guard"},"timedOut":[]}
ExchangeResolved  {"combatId":"c3","round":1,"exchange":2,"attacker":1,"command":"strike","defense":"guard","crit":false,"damage":[30,0],"heal":[0,0],"effects":[],"hp":[15,77]}
RoundEnded  {"combatId":"c3","round":1,"poison":[0,0],"regen":[0,0],"hp":[15,77]}
RoundStarted  {"combatId":"c3","round":2,"first":0}
DecisionOpened  {"decisionId":"d11","kind":"combat/exchange","required":["b"]}
PromptOpened [private b] {"decisionId":"d11","playerId":"b","options":["attack","strike","spell","flee","item:herb"],"default":"attack"}
ChoiceCommitted  {"decisionId":"d11","playerId":"b"}
ChoicesRevealed  {"decisionId":"d11","kind":"combat/exchange","choices":{"b":"strike"},"timedOut":[]}
ExchangeResolved  {"combatId":"c3","round":2,"exchange":1,"attacker":0,"command":"strike","defense":"guard","crit":false,"damage":[0,27],"heal":[0,0],"effects":[],"hp":[15,50]}
DecisionOpened  {"decisionId":"d12","kind":"combat/exchange","required":["b"]}
PromptOpened [private b] {"decisionId":"d12","playerId":"b","options":["guard","counter","ward"],"default":"guard"}
ChoiceCommitted  {"decisionId":"d12","playerId":"b"}
ChoicesRevealed  {"decisionId":"d12","kind":"combat/exchange","choices":{"b":"counter"},"timedOut":[]}
ExchangeResolved  {"combatId":"c3","round":2,"exchange":2,"attacker":1,"command":"spell","defense":"counter","crit":false,"damage":[11,0],"heal":[0,0],"effects":[],"hp":[4,50]}
RoundEnded  {"combatId":"c3","round":2,"poison":[0,0],"regen":[0,0],"hp":[4,50]}
RoundStarted  {"combatId":"c3","round":3,"first":0}
DecisionOpened  {"decisionId":"d13","kind":"combat/exchange","required":["b"]}
PromptOpened [private b] {"decisionId":"d13","playerId":"b","options":["attack","strike","spell","flee","item:herb"],"default":"attack"}
ChoiceCommitted  {"decisionId":"d13","playerId":"b"}
ChoicesRevealed  {"decisionId":"d13","kind":"combat/exchange","choices":{"b":"attack"},"timedOut":[]}
ExchangeResolved  {"combatId":"c3","round":3,"exchange":1,"attacker":0,"command":"attack","defense":"counter","crit":false,"damage":[0,22],"heal":[0,0],"effects":[],"hp":[4,28]}
DecisionOpened  {"decisionId":"d14","kind":"combat/exchange","required":["b"]}
PromptOpened [private b] {"decisionId":"d14","playerId":"b","options":["guard","counter","ward"],"default":"guard"}
ChoiceCommitted  {"decisionId":"d14","playerId":"b"}
ChoicesRevealed  {"decisionId":"d14","kind":"combat/exchange","choices":{"b":"ward"},"timedOut":[]}
ExchangeResolved  {"combatId":"c3","round":3,"exchange":2,"attacker":1,"command":"strike","defense":"ward","crit":false,"damage":[4,0],"heal":[0,0],"effects":[],"hp":[0,28]}
CombatEnded  {"combatId":"c3","outcome":"ko","winner":1,"fled":null,"hp":[0,28]}
FINAL 60d64975 events 107 actions 25
ACTIONS [{"v":2,"type":"system/setCharacter","playerId":"system","target":"a","classId":"warrior","level":5,"weapon":"bronze-blade","shield":"buckler","accessory":"lucky-sock","battleSpell":"spark","wardSpell":"barrier","bag":["herb","smoke-bomb","battle-tonic"]},{"v":2,"type":"system/setCharacter","playerId":"system","target":"b","classId":"mage","level":5,"weapon":"wooden-sword","shield":"buckler","accessory":"mage-ring","battleSpell":"fireball","wardSpell":"barrier","bag":["herb"]},{"v":2,"type":"combat/start","playerId":"system","attacker":"a","opponent":{"kind":"monster","monsterId":"seagull-debt-collector","senior":false}},{"v":2,"type":"decision/commit","playerId":"a","decisionId":"d1","choice":"guard"},{"v":2,"type":"decision/commit","playerId":"a","decisionId":"d2","choice":"item:smoke-bomb"},{"v":2,"type":"combat/start","playerId":"system","attacker":"b","opponent":{"kind":"player","playerId":"a"}},{"v":2,"type":"decision/commit","playerId":"b","decisionId":"d3","choice":"spell"},{"v":2,"type":"decision/commit","playerId":"a","decisionId":"d3","choice":"ward"},{"v":2,"type":"decision/commit","playerId":"a","decisionId":"d4","choice":"strike"},{"v":2,"type":"decision/commit","playerId":"b","decisionId":"d4","choice":"counter"},{"v":2,"type":"decision/commit","playerId":"b","decisionId":"d5","choice":"attack"},{"v":2,"type":"decision/commit","playerId":"a","decisionId":"d5","choice":"guard"},{"v":2,"type":"decision/commit","playerId":"a","decisionId":"d6","choice":"item:herb"},{"v":2,"type":"decision/commit","playerId":"b","decisionId":"d6","choice":"guard"},{"v":2,"type":"decision/commit","playerId":"b","decisionId":"d7","choice":"spell"},{"v":2,"type":"decision/commit","playerId":"a","decisionId":"d7","choice":"counter"},{"v":2,"type":"decision/commit","playerId":"a","decisionId":"d8","choice":"attack"},{"v":2,"type":"timeout","playerId":"system","decisionId":"d8"},{"v":2,"type":"combat/start","playerId":"system","attacker":"b","opponent":{"kind":"guardian","guardianId":"landlord-lich","townTier":1}},{"v":2,"type":"decision/commit","playerId":"b","decisionId":"d9","choice":"spell"},{"v":2,"type":"decision/commit","playerId":"b","decisionId":"d10","choice":"guard"},{"v":2,"type":"decision/commit","playerId":"b","decisionId":"d11","choice":"strike"},{"v":2,"type":"decision/commit","playerId":"b","decisionId":"d12","choice":"counter"},{"v":2,"type":"decision/commit","playerId":"b","decisionId":"d13","choice":"attack"},{"v":2,"type":"decision/commit","playerId":"b","decisionId":"d14","choice":"ward"}]
STATE {"hidden":{"combatSeq":3,"decision":null,"decisionSeq":14,"rng":[3523559772,2254657508,341100899,733868244]},"private":{"a":{"bag":[],"prompt":null,"scrolls":[]},"b":{"bag":["herb"],"prompt":null,"scrolls":[]}},"public":{"activePlayer":"a","characters":{"a":{"accessory":"lucky-sock","battleSpell":"spark","classId":"warrior","gold":100,"hp":14,"level":5,"mastery":{"cleric":0,"mage":0,"shadowpriest":0,"spellblade":0,"thief":0,"warrior":0},"portable":null,"shield":"buckler","wardSpell":"barrier","weapon":"bronze-blade","xp":500},"b":{"accessory":"mage-ring","battleSpell":"fireball","classId":"mage","gold":100,"hp":0,"level":5,"mastery":{"cleric":0,"mage":0,"shadowpriest":0,"spellblade":0,"thief":0,"warrior":0},"portable":null,"shield":"buckler","wardSpell":"barrier","weapon":"wooden-sword","xp":500}},"choiceHistory":{"a":{"attack":1,"counter":1,"guard":2,"spell":0,"strike":1,"ward":1},"b":{"attack":2,"counter":2,"guard":2,"spell":3,"strike":1,"ward":1}},"combat":null,"lastReveal":{"choices":{"b":"ward"},"decisionId":"d14","kind":"combat/exchange","timedOut":[]},"pending":null,"phase":"turn","players":["a","b"],"turn":1},"v":2}
